277158572
157515935
20213693
216251842
295081286
131623507
Infinity
45853783
Infinity
257917942
232132565
306294919
214632294
286130898
Infinity
Infinity
127656545
223241726
154812761
Infinity
Infinity
410204489
104094870
345435933
285784375
Infinity
Infinity
207993534
187851560
268321294
278117011
412721146
Infinity
158417297
172680536
393415406
104501822
Infinity
387482024
158509048
Infinity
Infinity
462126843
Infinity
187622155
74644827
36950239
Infinity
Infinity
172695102
