26
13
13
35
30
8
Infinity
19
10
Infinity
Infinity
Infinity
Infinity
20
6
6
Infinity
Infinity
17
Infinity
