25
36
Infinity
25
59
Infinity
Infinity
Infinity
20
Infinity
26
27
19
5
6
Infinity
15
6
41
16
Infinity
14
18
Infinity
7
31
Infinity
4
Infinity
16
Infinity
9
Infinity
24
Infinity
