17
28
Infinity
29
7
32
Infinity
8
Infinity
Infinity
16
Infinity
76
19
19
38
10
13
Infinity
4
49
56
29
17
Infinity
Infinity
22
9
Infinity
Infinity
Infinity
Infinity
Infinity
29
Infinity
Infinity
19
23
Infinity
4
21
24
12
20
Infinity
Infinity
37
Infinity
11
35
