584
261
129
127
366
208
266
413
537
Infinity
150
Infinity
273
Infinity
362
174
Infinity
536
289
100
228
Infinity
Infinity
896
100
371
425
Infinity
563
264
