Infinity
Infinity
Infinity
49791
Infinity
5133
14302
Infinity
Infinity
40013
Infinity
Infinity
Infinity
Infinity
Infinity
Infinity
Infinity
Infinity
Infinity
Infinity
