3143628
2042144
1555524
Infinity
4720136
2700009
3949403
4205857
4551175
Infinity
1860120
Infinity
1127689
Infinity
Infinity
3714611
6003092
Infinity
Infinity
3587383
1356162
Infinity
812691
2700519
589630
4456674
Infinity
7607739
4495669
1885242
3582455
Infinity
Infinity
1648413
3391158
3555638
5777515
Infinity
1403764
2651706
